Testing generate-dossier with CNPJ 24.473.793/0001-24...
Failed: 500
{"error":"Erro ao processar resposta da IA","raw":"```json\n{\n  \"empresa\": {\n    \"nome\": \"GF - GESTAO FINANCEIRA LTDA\",\n    \"cnpj\": \"24473793000124\",\n    \"situacao\": \"ATIVA\",\n    \"abertura\": \"2016-03-29 (8 anos)\",\n    \"porte\": \"EMPRESA DE PEQUENO PORTE\",\n    \"capital_social\": \"R$ 120.000\",\n    \"endereco\": \"R CHILE 000005, CENTRO HISTORICO - SALVADOR/BA - CEP 40026032\",\n    \"telefone\": \"7134166000\",\n    \"redes_sociais\": \"Instagram, Facebook, YouTube\",\n    \"reputacao\": \"N├úo Recomendada no Reclame Aqui. H├í um caso de cobran├ºa indevida de taxa condominial e solicita├º├úo de exclus├úo de cadastro.\",\n    \"atividade_principal\": \"Atividades de consultoria em gest├úo empresarial, exceto consultoria t├®cnica espec├¡fica\",\n    \"tecnologia_atual\": \"N├úo identificado\",\n    \"grupos_economicos\": {\n      \"identificado\": true,\n      \"detalhes\": \"A pesquisa de fontes externas identifica outras empresas com o nome 'Grupo Solu├º├úo & Cia' em Cama├ºari/BA (CNPJ 00.821.796/0001-43, fundada em 1995, Gest├úo e administra├º├úo da propriedade imobili├íria) e Ilh├®us/BA (CNPJ 17.714.934/0001-98, fundada em 2013, Servi├ºos combinados de escrit├│rio e apoio administrativo). Embora com CNPJs distintos, a repeti├º├úo do nome fantasia e o foco em servi├ºos relacionados ├á gest├úo de propriedades/administrativos sugere uma poss├¡vel atua├º├úo como grupo econ├┤mico, ou empresas independentes com nome fantasia similar atuando em diferentes localidades da Bahia.\"\n    },\n    \"status_integridade\": {\n      \"nivel\": \"Suficiente\",\n      \"motivo\": \"Dados detalhados da Receita Federal e enriquecimento por fontes externas.\",\n      \"is_provisorio\": false\n    }\n  },\n  \"socio_principal\": {\n    \"nome\": \"JESSICA DAMASCENO MENEZES\",\n    \"cargo\": \"S├│cio-Administrador\",\n    \"formacao_academica\": \"N├úo identificado\",\n    \"historico_profissional\": \"N├úo identificado\",\n    \"linkedin\": \"N├úo identificado\",\n    \"background_provavel\": \"├ë a ├║nica s├│cia-administradora, com responsabilidade direta pela gest├úo da empresa. Dada a atividade principal de consultoria em gest├úo empresarial e o nome fantasia 'Grupo Solu├º├úo & Cia' associado ├á gest├úo condominial, ├® prov├ível que tenha experi├¬ncia em administra├º├úo de neg├│cios e gest├úo de propriedades.\",\n    \"is_pep\": false,\n    \"pep_detalhes\": \"N├úo h├í ind├¡cios de que seja uma Pessoa Exposta Politicamente.\"\n  },\n  \"mapeamento_socios\": [\n    {\n      \"nome\": \"JESSICA DAMASCENO MENEZES\",\n      \"cargo\": \"S├│cio-Administrador\",\n      \"background_provavel\": \"Gest├úo de neg├│cios e administra├º├úo de propriedades.\",\n      \"is_pep\": false,\n      \"pep_detalhes\": \"N├úo h├í ind├¡cios de que seja uma Pessoa Exposta Politicamente.\"\n    }\n  ],\n  \"fontes_externas\": {\n    \"reclame_aqui\": {\n      \"encontrado\": true,\n      \"resumo\": \"A empresa 'Grupo Solu├º├úo e Cia' possui reputa├º├úo 'N├úo Recomendada' no Reclame Aqui. H├í uma reclama├º├úo detalhada sobre 'Cobran├ºa indevida de taxa condominial ap├│s venda do im├│vel e solicita├º├úo de exclus├úo do cadastro', indicando problemas na gest├úo de cobran├ºas e no processo de desvincula├º├úo de cond├┤minos.\",\n      \"url\": \"https://www.reclameaqui.com.br/empresa/grupo-solucao-e-cia/\"\n    },\n    \"processos_judiciais\": {\n      \"encontrado\": true,\n      \"resumo\": \"Processos judiciais foram encontrados no Jusbrasil envolvendo 'Grupo Solu├º├úo & Cia'. Um exemplo ├® 'Eduardo Veloso Leahy x Grupo Solu├º├úo CIA' no TJBA, processo n┬║ 0079558. A s├│cia Jessica Damasceno Menezes tamb├®m teve processos relacionados ao CPF. Isso sugere envolvimento em lit├¡gios, possivelmente relacionados ├á sua atividade empresarial.\",\n      \"url\": \"https://www.jusbrasil.com.br/processos/busca?q=grupo+solucao+cia\"\n    },\n    \"linkedin\": {\n      \"encontrado\": false,\n      \"resumo\": \"N├úo foi encontrada uma p├ígina oficial de LinkedIn para a empresa GF - GESTAO FINANCEIRA LTDA / Grupo Solu├º├úo & Cia diretamente nos dados fornecidos.\",\n      \"url\": \"N├úo identificado\"\n    },\n    \"instagram\": {\n      \"encontrado\": true,\n      \"resumo\": \"M├║ltiplas men├º├Áes ao 'Grupo Solu├º├úo & Cia' no Instagram, indicando presen├ºa ativa na plataforma, possivelmente usada para comunica├º├úo e divulga├º├úo de servi├ºos. H├í especificamente 'Grupo Solu├º├úo Cia Administra├º├úo Condominial'.\",\n      \"url\": \"N├úo identificado\"\n    },\n    \"facebook\": {\n      \"encontrado\": true,\n      \"resumo\": \"M├║ltiplas men├º├Áes ao 'Grupo Solu├º├úo & Cia' no Facebook, com usu├írios se associando ├á empresa ('Com Grupo Solu├º├úo & Cia') e refer├¬ncias ├á atua├º├úo da empresa em Salvador/Bahia, incluindo a marca 'Adiserv Grupo Solu├º├úo & Cia'.\",\n      \"url\": \"N├úo identificado\"\n    },\n    \"youtube\": {\n      \"encontrado\": true,\n      \"resumo\": \"Canais no YouTube com o nome 'Grupo Solu├º├úo & Cia', embora o acesso ao conte├║do tenha retornado 'Error 403 (Forbidden)', indicando que os links podem estar desatualizados ou o conte├║do restrito. Isso sugere uma tentativa ou presen├ºa passada de conte├║do em v├¡deo.\",\n      \"url\": \"https://www.youtube.com/@GrupoSolucaoCia\"\n    },\n    \"twitter\": {\n      \"encontrado\": false,\n      \"resumo\": \"N├úo foram encontradas men├º├Áes diretas de perfis do Grupo Solu├º├úo & Cia no Twitter.\",\n      \"url\": \"N├úo identificado\"\n    },\n    \"noticias\": {\n      \"encontrado\": true,\n      \"resumo\": \"O Grupo Solu├º├úo & Cia ├® mencionado em portais como 'Condom├¡nio em Foco' e 'Anu├írio Empresarial', que destacam a empresa na 'Gest├úo Condominial na Bahia', focando em inova├º├úo, sustentabilidade e tecnologia. H├í men├º├úo de 18 anos de mercado no Nordeste, o que ├® relevante, pois o CNPJ principal ├® de 8 anos, sugerindo que as outras empresas do grupo econ├┤mico podem ter mais tempo de atua├º├úo.\",\n      \"urls\": [\n        \"https://condominioemfoco.com.br/grupo-solucao-cia-transformando-a-gestao-condominial-na-bahia/\",\n        \"https://anuarioempresarial.com.br/post/\"\n      ]\n    }\n  },\n  \"risco_financeiro\": {\n    \"protestos\": {\n      \"encontrado\": false,\n      \"resumo\": \"N├úo h├í informa├º├Áes espec├¡ficas de protestos diretos para este CNPJ nas fontes fornecidas. No entanto, a reputa├º├úo no Reclame Aqui com queixas sobre cobran├ºas indevidas e processos judiciais sugerem potenciais desafios na gest├úo financeira que podem levar a protestos futuros.\",\n      \"quantidade_estimada\": 0\n    },\n    \"negativacoes\": {\n      \"encontrado\": false,\n      \"resumo\": \"N├úo h├í informa├º├Áes espec├¡ficas sobre negativa├º├Áes para este CNPJ nas fontes fornecidas. A Serasa Experian ├® mencionada como ferramenta de consulta, mas n├úo houve retorno de negativa├º├Áes diretas para a empresa.\",\n    },\n    \"regularidade_fiscal\": \"Ativa\",\n    \"nivel_risco\": \"M├®dio\"\n  },\n  \"contatos_abordagem\": [\n    {\n      \"nome\": \"Jessica Damasceno Menezes\",\n      \"cargo\": \"S├│cio-Administrador\",\n      \"canal\": \"E-mail (potencial)\",\n      \"contato\": \"N├úo identificado. Sugerir prospec├º├úo via contato gen├®rico se dispon├¡vel no site ao inv├®s de email pessoal.\",\n      \"fonte\": \"Receita Federal\"\n    },\n    {\n      \"nome\": \"N├úo identificado\",\n      \"cargo\": \"N├úo identificado\",\n      \"canal\": \"Telefone\",\n      \"contato\": \"(71) 3416-6000\",\n      \"fonte\": \"Receita Federal\"\n    }\n  ],\n  \"sinais_crescimento\": [\n    {\n      \"tipo\": \"positivo\",\n      \"descricao\": \"Vagas abertas em Salvador ('Grupo Solu├º├úo & Cia abre Vagas em Salvador - Threads') indica um movimento de expans├úo e crescimento da equipe ou opera├º├Áes.\"\n    },\n    {\n      \"tipo\": \"positivo\",\n      \"descricao\": \"Men├º├Áes em portais como 'Condom├¡nio em Foco' e 'Anu├írio Empresarial' destacando a empresa como 'Transformando a Gest├úo Condominial na Bahia' e com 'INOVA├ç├âO, SUSTENTABILIDADE E TECNOLOGIA NA GEST├âO CONDOMINIAL', evidenciam um foco em moderniza├º├úo e reconhecimento no mercado.\"\n    },\n    {\n      \"tipo\": \"neutro\",\n      \"descricao\": \"Presen├ºa em m├║ltiplas redes sociais (Instagram, Facebook, YouTube) e men├º├Áes de atua├º├úo no Nordeste por 18 anos, indicam uma empresa consolidada com forte presen├ºa regional e busca por visibilidade, apesar do CNPJ principal ter 8 anos.\"\n    }\n  ],\n  \"insights_estrategicos\": {\n    \"janela_oportunidade\": \"A empresa GF - Gest├úo Financeira LTDA, operando como Grupo Solu├º├úo & Cia, atua em Salvador/BA no segmento de consultoria empresarial e, secundariamente, em servi├ºos combinados para apoio a edif├¡cios. As reclama├º├Áes no Reclame Aqui sobre cobran├ºa e a indica├º├úo de processos judiciais, somadas ├á men├º├úo de 'Administra├º├úo Condominial' nas redes sociais, revelam uma janela de oportunidade clara na otimiza├º├úo e automa├º├úo de processos de gest├úo condominial e de cobran├ºa, onde h├í falhas. O tempo de mercado (8 anos com este CNPJ, 18 anos como grupo econ├┤mico) e o desejo de se posicionar como inovadora e tecnol├│gica (not├¡cias) s├úo fatores positivos. A abertura de vagas sugere que est├úo buscando escalar ou aprimorar servi├ºos. Os problemas de reputa├º├úo com cobran├ºa e exclus├úo de cadastro indicam uma dor espec├¡fica que pode ser resolvida com as solu├º├Áes da Group Software e PartnerBank, especialmente aquelas relacionadas ├á gest├úo financeira e comunica├º├úo com cond├┤minos.\",\n    \"abordagem_personalizada\": {\n      \"canal_ideal\": \"E-mail corporativo ou contato telef├┤nico direto. Em fun├º├úo da reclama├º├úo sobre cobran├ºa e do foco em consultoria de gest├úo, a abordagem via LinkedIn da s├│cia (se identificada) ou e-mail pode ser eficaz para apresentar solu├º├Áes a essas dores.\",\n      \"tom_de_voz\": \"Profissional, consultivo e focado em solu├º├Áes para problemas de gest├úo e reputa├º├úo. Evitar um tom acusat├│rio sobre as reclama├º├Áes, focando em como as solu├º├Áes podem prevenir futuras ocorr├¬ncias e otimizar a opera├º├úo.\",\n      \"argumento_central\": \"Oferecer solu├º├Áes que profissionalizem e automatizem a gest├úo de condom├¡nios, principalmente no que tange a comunica├º├úo, cobran├ºa e presta├º├úo de contas, garantindo efici├¬ncia e blindagem de reputa├º├úo, transformando dores em oportunidades de crescimento.\"\n    },\n    \"ressonancia_por_perfil\": [\n      {\n        \"socio\": \"Jessica Damasceno Menezes (S├│cio-Administrador)\",\n        \"ponto_de_dor\": \"A principal dor para a s├│cia-administradora deve ser a melhoria da reputa├º├úo da empresa, a redu├º├úo da inadimpl├¬ncia e a otimiza├º├úo dos processos internos para evitar problemas como os relatados no Reclame Aqui. Ela busca 'inova├º├úo, sustentabilidade e tecnologia', o que alinha com os nossos diferenciais.\"\n      }\n    ],\n    \"o_que_evitar\": \"Evitar focar apenas nos problemas de reputa├º├úo/processos, mas sim em como nossas solu├º├Áes podem transformar esses desafios em efici├¬ncia operacional e satisfa├º├úo do cliente. N├úo mencionar explicitamente as reclama├º├Áes sem antes apresentar uma solu├º├úo clara e ben├®fica.\",\n    \"contexto_regional\": \"Salvador/BA ├® uma capital com popula├º├úo de mais de 2.4 milh├Áes de habitantes. O mercado de condom├¡nios na cidade ├® vasto e diversificado, com um PIB municipal robusto de R$ 76.698.777 mil (2023), indicando um poder de consumo significativo. Salvador ├® tamb├®m um polo tur├¡stico, o que implica em uma din├ómica diferenciada para alguns condom├¡nios (ex: condom├¡nios de veraneio ou com alta rotatividade de locat├írios). A Group Software tem grande atua├º├úo no Nordeste e especialmente em capitais, o que confere autoridade e conhecimento do mercado local. Concorrentes regionais podem incluir administradoras locais estabelecidas e solu├º├Áes de ERP mais antigas. A presen├ºa de associa├º├Áes como a ABADI (Associa├º├úo Brasileira das Administradoras de Im├│veis) e SECOVI na Bahia ├® alta e pode indicar pontos de contato e influ├¬ncia para o lead. A cultura de neg├│cios em Salvador valoriza relacionamentos e 'solu├º├Áes', o que o nome da empresa ('Grupo Solu├º├úo & Cia') j├í denota. Sazonalidade pode influenciar o fluxo de caixa de alguns condom├¡nios, exigindo maior flexibilidade na gest├úo financeira. O fato da empresa operar em Salvador, mas ter men├º├Áes de grupo econ├┤mico em Cama├ºari e Ilh├®us, sugere uma atua├º├úo ampla no estado, o que requer uma solu├º├úo escal├ível e robusta. A presen├ºa da Group Software no estado pode ser um forte argumento de autoridade regional.\"\n  },\n  \"logica_group_software\": {\n    \"analise_fit\": \"A empresa GF - Gest├úo Financeira LTDA, que opera como Grupo Solu├º├úo & Cia, apresenta claras dores na gest├úo de condom├¡nios, especialmente na comunica├º├úo com cond├┤minos, gest├úo de inadimpl├¬ncia e processos de cobran├ºa, conforme indicado pela reputa├º├úo 'N├úo Recomendada' no Reclame Aqui e processos judiciais. Embora a atividade principal seja consultoria em gest├úo empresarial, as not├¡cias e o nome fantasia 'Administra├º├úo Condominial' refor├ºam o foco em gest├úo de propriedades. O 'Group Condom├¡nios' endere├ºa diretamente essas dores com o 'Super App para comunica├º├úo com cond├┤minos', 'Gest├úo eficiente de inadimpl├¬ncia e cobran├ºa', e 'Pasta de Presta├º├úo de Contas em um clique', que podem prevenir a maioria das reclama├º├Áes citadas e otimizar as atividades. Al├®m disso, o 'Controle de Inadimpl├¬ncia PartnerBank', permitindo parcelamento de boletos, oferece uma solu├º├úo direta para o gargalo financeiro, e o 'Condom├¡nio Garantido PartnerBank' pode ser um diferencial estrat├®gico para gerenciar o fluxo de caixa, garantindo 100% da arrecada├º├úo mensal, independente de inadimpl├¬ncia. A empresa tamb├®m manifesta interesse em 'inova├º├úo, sustentabilidade e tecnologia', o que alinha-se perfeitamente com a proposta da Group Software de ser pioneira em IA e oferecer o maior n├║mero de recursos e automa├º├Áes do mercado.\",\n    \"modulos_sugeridos\": [\n      \"Group Condom├¡nios\",\n      \"Automa├º├úo de Boletos PartnerBank\",\n      \"Controle de Inadimpl├¬ncia PartnerBank\",\n      \"Condom├¡nio Garantido PartnerBank\"\n    ],\n    \"gancho_venda\": \"Transforme a gest├úo de inadimpl├¬ncia e a comunica├º├úo com cond├┤minos em seu diferencial, consolidando sua reputa├º├úo e garantindo a sa├║de financeira do seu neg├│cio com as solu├º├Áes completas e pioneiras do mercado.\",\n    \"recomendacao_principal\": \"Recomendamos uma abordagem focada na otimiza├º├úo da gest├úo de condom├¡nios e na solu├º├úo de problemas de inadimpl├¬ncia e comunica├º├úo, utilizando as ferramentas completas do Group Condom├¡nios e as solu├º├Áes financeiras do PartnerBank para garantir a arrecada├º├úo e melhorar a reputa├º├úo. Destaque a capacidade de automa├º├úo e as ferramentas de intelig├¬ncia para uma gest├úo mais eficiente e transparente, que previna lit├¡gios e optimize o fluxo de caixa.\",\n    \"produtos_sugeridos\": [\n      \"Group Condom├¡nios (Super App, Gest├úo de inadimpl├¬ncia, Pasta de contas, Chatbot, Relat├│rios)\",\n      \"Automa├º├úo de Boletos PartnerBank (Gera├º├úo, registro, baixa e concilia├º├úo autom├ítica)\",\n      \"Controle de Inadimpl├¬ncia PartnerBank (Parcelamento de boletos no cart├úo)\",\n      \"Condom├¡nio Garantido PartnerBank (100% da arrecada├º├úo garantida)\"\n    ],\n    \"justificativa\": \"A GF - GESTAO FINANCEIRA LTDA, sob o nome fantasia Grupo Solu├º├úo & Cia, necessita de ferramentas robustas para gerenciar condom├¡nios de forma eficiente e se destacar no mercado de Salvador/BA. As reclama├º├Áes no Reclame Aqui sobre cobran├ºa indevida e a solicita├º├úo de exclus├úo de cadastro indicam falhas cr├¡ticas na gest├úo de relacionamento e processos financeiros, que s├úo aprimorados pelas funcionalidades do Group Condom├¡nios, como o 'Super App para comunica├º├úo com cond├┤minos' e a 'Gest├úo eficiente de inadimpl├¬ncia e cobran├ºa', al├®m da 'Pasta de Presta├º├úo de Contas em um clique' que aumenta a transpar├¬ncia. As solu├º├Áes PartnerBank, como 'Automa├º├úo de Boletos' e 'Controle de Inadimpl├¬ncia', s├úo cruciais para resolver os problemas financeiros e de reputa├º├úo, ao oferecer mais op├º├Áes de pagamento e garantir a arrecada├º├úo. O 'Condom├¡nio Garantido PartnerBank' ├® um atrativo poderoso para a gest├úo de fluxo de caixa, eliminando riscos de inadimpl├¬ncia. O interesse da empresa em 'inova├º├úo, sustentabilidade e tecnologia' (not├¡cias de fontes externas) refor├ºa o fit com os diferenciais da Group Software, que ├® pioneira em IA e oferece o maior n├║mero de recursos e automa├º├Áes no mercado. A abertura de vagas indica um momento de expans├úo onde a automa├º├úo pode ser ainda mais valiosa.\"\n  }\n}\n```"}
